// Jest Snapshot v1, https://goo.gl/fbAQLP

exports[`post template writes expected template 1`] = `
"---
path: \\"/hello-world\\"
date: \\"1234\\"
title: \\"Hello World\\"
tags: []
---

Congratulations on creating a new test! I hope you get amazing feedback.
"
`;
